V3 3
FL C:/Users/GlitchedPC/Desktop/ELEC204-Projects/RandomPasswordGenerator/RPGCode.vhd 2021/05/13.23:29:06 P.20131013
EN work/RPGCode 1620937751 \
      FL C:/Users/GlitchedPC/Desktop/ELEC204-Projects/RandomPasswordGenerator/RPGCode.vhd \
      PB ieee/std_logic_1164 1381692176 PB ieee/NUMERIC_STD 1381692181
AR work/RPGCode/Behavioral 1620937752 \
      FL C:/Users/GlitchedPC/Desktop/ELEC204-Projects/RandomPasswordGenerator/RPGCode.vhd \
      EN work/RPGCode 1620937751
